au.com.origin.snapshots.TestSnapshotConfig.findStacktraceElement=[
  {
    "FakeObject.fakeMethod": [
      {
        "arg0": "test1",
        "arg1": 1,
        "arg2": [
          "listTest1"
        ]
      },
      {
        "arg0": "test2",
        "arg1": 2,
        "arg2": [
          "listTest1",
          "listTest2"
        ]
      }
    ]
  }
]


au.com.origin.snapshots.TestSnapshotConfig.findStacktraceElement[Scenario A]=[
  "any type of object"
]


au.com.origin.snapshots.TestSnapshotConfig.findStacktraceElement[Scenario B]=[
  "any second type of object",
  "any third type of object"
]