au.com.origin.snapshots.BackwardCompatilbleTest.shouldExtractArgsFromFakeMethodWithComplexObject=[
{FakeObject.fakeMethodWithComplexObject=[{arg0=BackwardCompatilbleTest.FakeObject(id=idMock, value=null, name=null)}]}
{FakeObject.fakeMethodWithComplexObject=[{arg0=BackwardCompatilbleTest.FakeObject(id=idMock, value=null, name=nameMock)}]}
]


au.com.origin.snapshots.BackwardCompatilbleTest.shouldExtractArgsFromMethod=[
{FakeObject.fakeMethod=[{arg0=test1, arg1=1, arg2=[listTest1]}, {arg0=test2, arg1=2, arg2=[listTest1, listTest2]}]}
]


au.com.origin.snapshots.BackwardCompatilbleTest.shouldShowSnapshotExample=[
<any type of object>
]