au.com.origin.snapshots.SnapshotUtilsTest.shouldExtractArgsFromFakeMethod=[
{Object.fakeMethod=[{arg0=test1, arg1=1, arg2=[listTest1]}, {arg0=test2, arg1=2, arg2=[listTest1, listTest2]}]}
]


au.com.origin.snapshots.SnapshotUtilsTest.shouldExtractArgsFromFakeMethodWithComplexFakeObject=[
{Object.fakeMethodWithComplexObject=[{arg0=FakeObject(id=idMock, value=null, name=null, fakeObject=null)}]}
]


au.com.origin.snapshots.SnapshotUtilsTest.shouldExtractArgsFromFakeMethodWithComplexObject=[
{Object.fakeMethodWithComplexFakeObject=[{arg0=FakeObject(id=idMock, value=null, name=null, fakeObject=null)}]}
]