au.com.origin.snapshots.SnapshotIntegrationTest.shouldMatchSnapshotFour=[
FakeObject(id=anyId4, value=4, name=any
.
.
Name4, fakeObject=null)
]


au.com.origin.snapshots.SnapshotIntegrationTest.shouldMatchSnapshotInsidePrivateMethod=[
FakeObject(id=anyPrivate, value=5, name=anyPrivate, fakeObject=null)
]


au.com.origin.snapshots.SnapshotIntegrationTest.shouldMatchSnapshotOne=[
FakeObject(id=anyId1, value=1, name=anyName1, fakeObject=null)
]


au.com.origin.snapshots.SnapshotIntegrationTest.shouldMatchSnapshotThree=[
FakeObject(id=anyId3, value=3, name=anyName3, fakeObject=null)
]


au.com.origin.snapshots.SnapshotIntegrationTest.shouldMatchSnapshotTwo=[
FakeObject(id=anyId2, value=2, name=anyName2, fakeObject=null)
]


au.com.origin.snapshots.SnapshotIntegrationTest.shouldSnapshotUsingSerializerClass=HELLO WORLD


au.com.origin.snapshots.SnapshotIntegrationTest.shouldSnapshotUsingSerializerPropertyName=hello world


au.com.origin.snapshots.SnapshotIntegrationTest.shouldThrowSnapshotMatchException=[
FakeObject(id=anyId5, value=7, name=anyName5, fakeObject=null)
]